// Jest Snapshot v1, https://goo.gl/fbAQLP

exports[`Habbit should match snapshot 1`] = `
<DocumentFragment>
  .c0 {
  margin-bottom: 0.5rem;
}

.c3 {
  display: -webkit-box;
  display: -webkit-flex;
  display: -ms-flexbox;
  display: flex;
  -webkit-flex-direction: column;
  -ms-flex-direction: column;
  flex-direction: column;
  -webkit-align-items: flex-start;
  -webkit-box-align: flex-start;
  -ms-flex-align: flex-start;
  align-items: flex-start;
  padding: 0 0.75rem;
  border-left: 1px solid #77CBFF;
  margin: 0 0.75rem;
  margin-top: 0.5rem;
}

.c3:hover {
  cursor: pointer;
}

.c4 {
  font-size: 2rem;
  margin-bottom: 0.5rem;
  margin-top: 0;
}

.c5 {
  color: gray;
  margin-bottom: 0.5rem;
}

.c6 {
  text-align: justify;
}

.c1 {
  color: #fff;
  background-color: #FFC136;
  border: 1px solid #707070;
  padding: 0.75rem;
  font-size: 1rem;
  min-width: none;
  display: inline-block;
  text-align: center;
  margin-top: 0;
  margin-left: 0.75rem;
  margin-right: 0.75rem;
}

.c1:hover {
  cursor: pointer;
}

.c1:disabled {
  -webkit-filter: grayscale(1);
  filter: grayscale(1);
}

.c2 {
  color: #000000;
  background-color: #FF9191;
  border: 1px solid #707070;
  padding: 0.75rem;
  font-size: 1rem;
  min-width: none;
  display: inline-block;
  text-align: center;
  margin-top: 0;
  margin-left: 0;
  margin-right: 0;
}

.c2:hover {
  cursor: pointer;
}

.c2:disabled {
  -webkit-filter: grayscale(1);
  filter: grayscale(1);
}

<div
    class="c0"
  >
    <button
      class="c1"
      data-testid="edit"
    >
      Edit habbit
    </button>
    <button
      class="c2"
      data-testid="delete"
    >
      X
    </button>
    <div
      class="c3"
    >
      <h2
        class="c4"
      >
        Title
      </h2>
      <p
        class="c5"
      >
        12:00-24:00
      </p>
      <p
        class="c6"
      >
        test
      </p>
    </div>
  </div>
</DocumentFragment>
`;
