// Jest Snapshot v1, https://goo.gl/fbAQLP

exports[`Dashboard should match snapshot 1`] = `
<DocumentFragment>
  <main
    class="sc-kstrdz eVYGoz"
  >
    <section
      class="sc-fubCfw sc-hHftDr coTwup fiJjeY"
    >
      <section
        class="sc-fubCfw sc-dmlrTW coTwup ifDKmc"
      >
        <h2
          class="sc-kfzAmx ljqCVd"
        >
          Habbit tracker
        </h2>
        <p
          class="sc-fKFyDc ejomLL"
        >
          Track your progress in very simple and personalized app
        </p>
      </section>
      <section
        class="sc-fubCfw coTwup"
      >
        <a
          class="sc-crrsfI jESxQQ"
          href="/register"
        >
          Create account for free
        </a>
        <p
          class="sc-bBXqnf glVbFu"
        >
          or
        </p>
        <a
          class="sc-crrsfI jESxQQ"
          href="/login"
        >
          Log in
        </a>
      </section>
    </section>
  </main>
</DocumentFragment>
`;
