// Jest Snapshot v1, https://goo.gl/fbAQLP

exports[`CalendarNavigation should match snapshot 1`] = `
<DocumentFragment>
  .c0 {
  display: -webkit-box;
  display: -webkit-flex;
  display: -ms-flexbox;
  display: flex;
  -webkit-box-pack: center;
  -webkit-justify-content: center;
  -ms-flex-pack: center;
  justify-content: center;
  -webkit-align-items: center;
  -webkit-box-align: center;
  -ms-flex-align: center;
  align-items: center;
  margin-bottom: 0.75rem;
}

.c1 {
  background-color: transparent;
  border: none;
  font-size: 1.5rem;
}

.c2 {
  width: 200px;
  text-align: center;
  line-height: 100%;
  margin: 0;
}

@media (min-width:768px) {
  .c2 {
    width: 400px;
    font-size: 2rem;
  }
}

<div
    class="c0"
  >
    <button
      class="c1"
      data-testid="moveLeft"
    >
      <svg
        aria-hidden="true"
        class="svg-inline--fa fa-caret-left fa-w-6 "
        data-icon="caret-left"
        data-prefix="fas"
        focusable="false"
        role="img"
        viewBox="0 0 192 512"
        xmlns="http://www.w3.org/2000/svg"
      >
        <path
          d="M192 127.338v257.324c0 17.818-21.543 26.741-34.142 14.142L29.196 270.142c-7.81-7.81-7.81-20.474 0-28.284l128.662-128.662c12.599-12.6 34.142-3.676 34.142 14.142z"
          fill="currentColor"
        />
      </svg>
    </button>
    <h3
      class="c2"
      data-testid="dateCalendar"
    >
      April 2021
    </h3>
    <button
      class="c1"
      data-testid="moveRight"
    >
      <svg
        aria-hidden="true"
        class="svg-inline--fa fa-caret-right fa-w-6 "
        data-icon="caret-right"
        data-prefix="fas"
        focusable="false"
        role="img"
        viewBox="0 0 192 512"
        xmlns="http://www.w3.org/2000/svg"
      >
        <path
          d="M0 384.662V127.338c0-17.818 21.543-26.741 34.142-14.142l128.662 128.662c7.81 7.81 7.81 20.474 0 28.284L34.142 398.804C21.543 411.404 0 402.48 0 384.662z"
          fill="currentColor"
        />
      </svg>
    </button>
  </div>
</DocumentFragment>
`;
